stm32f4xx_it.c:52:6:NMI_Handler	0	static
stm32f4xx_it.c:65:6:HardFault_Handler	0	static
stm32f4xx_it.c:83:6:MemManage_Handler	0	static
stm32f4xx_it.c:101:6:BusFault_Handler	0	static
stm32f4xx_it.c:119:6:UsageFault_Handler	0	static
stm32f4xx_it.c:137:6:SVC_Handler	0	static
stm32f4xx_it.c:150:6:DebugMon_Handler	0	static
stm32f4xx_it.c:163:6:PendSV_Handler	0	static
stm32f4xx_it.c:176:6:SysTick_Handler	8	static
stm32f4xx_it.c:240:6:TIM1_CC_IRQHandler	0	static
stm32f4xx_it.c:226:6:TIM1_TRG_COM_TIM11_IRQHandler	0	static
stm32f4xx_it.c:212:6:TIM1_UP_TIM10_IRQHandler	0	static
stm32f4xx_it.c:198:6:TIM1_BRK_TIM9_IRQHandler	0	static
